// Vitest Snapshot v1, https://vitest.dev/guide/snapshot.html

exports[`parseGnuCashFile > snapshot: full DashboardData 1`] = `
{
  "accounts": [
    {
      "balance": 24255,
      "children": [
        {
          "balance": 8260,
          "children": [],
          "commodityMnemonic": "GBP",
          "fullPath": "Assets:Current Account",
          "guid": "00000008000000080000000800000008",
          "hidden": false,
          "name": "Current Account",
          "parentGuid": "00000007000000070000000700000007",
          "placeholder": false,
          "type": "BANK",
        },
        {
          "balance": 10000,
          "children": [],
          "commodityMnemonic": "GBP",
          "fullPath": "Assets:Savings",
          "guid": "00000009000000090000000900000009",
          "hidden": false,
          "name": "Savings",
          "parentGuid": "00000007000000070000000700000007",
          "placeholder": false,
          "type": "BANK",
        },
        {
          "balance": 395,
          "children": [],
          "commodityMnemonic": "USD",
          "fullPath": "Assets:USD Account",
          "guid": "0000000a0000000a0000000a0000000a",
          "hidden": false,
          "name": "USD Account",
          "parentGuid": "00000007000000070000000700000007",
          "placeholder": false,
          "type": "BANK",
        },
        {
          "balance": 5600,
          "children": [
            {
              "balance": 1350,
              "children": [],
              "commodityMnemonic": "AAPL",
              "fullPath": "Assets:Investments:AAPL",
              "guid": "0000001a0000001a0000001a0000001a",
              "hidden": false,
              "name": "AAPL",
              "parentGuid": "00000019000000190000001900000019",
              "placeholder": false,
              "type": "STOCK",
            },
            {
              "balance": 4250,
              "children": [],
              "commodityMnemonic": "VWRL",
              "fullPath": "Assets:Investments:VWRL",
              "guid": "0000001b0000001b0000001b0000001b",
              "hidden": false,
              "name": "VWRL",
              "parentGuid": "00000019000000190000001900000019",
              "placeholder": false,
              "type": "MUTUAL",
            },
          ],
          "commodityMnemonic": "GBP",
          "fullPath": "Assets:Investments",
          "guid": "00000019000000190000001900000019",
          "hidden": false,
          "name": "Investments",
          "parentGuid": "00000007000000070000000700000007",
          "placeholder": true,
          "type": "ASSET",
        },
      ],
      "commodityMnemonic": "GBP",
      "fullPath": "Assets",
      "guid": "00000007000000070000000700000007",
      "hidden": false,
      "name": "Assets",
      "parentGuid": "00000006000000060000000600000006",
      "placeholder": true,
      "type": "ASSET",
    },
    {
      "balance": 0,
      "children": [
        {
          "balance": 0,
          "children": [],
          "commodityMnemonic": "GBP",
          "fullPath": "Liabilities:Credit Card",
          "guid": "0000000c0000000c0000000c0000000c",
          "hidden": false,
          "name": "Credit Card",
          "parentGuid": "0000000b0000000b0000000b0000000b",
          "placeholder": false,
          "type": "CREDIT",
        },
      ],
      "commodityMnemonic": "GBP",
      "fullPath": "Liabilities",
      "guid": "0000000b0000000b0000000b0000000b",
      "hidden": false,
      "name": "Liabilities",
      "parentGuid": "00000006000000060000000600000006",
      "placeholder": true,
      "type": "LIABILITY",
    },
    {
      "balance": -9500,
      "children": [
        {
          "balance": -9000,
          "children": [],
          "commodityMnemonic": "GBP",
          "fullPath": "Income:Salary",
          "guid": "0000000e0000000e0000000e0000000e",
          "hidden": false,
          "name": "Salary",
          "parentGuid": "0000000d0000000d0000000d0000000d",
          "placeholder": false,
          "type": "INCOME",
        },
        {
          "balance": -500,
          "children": [],
          "commodityMnemonic": "GBP",
          "fullPath": "Income:Freelance",
          "guid": "0000000f0000000f0000000f0000000f",
          "hidden": false,
          "name": "Freelance",
          "parentGuid": "0000000d0000000d0000000d0000000d",
          "placeholder": false,
          "type": "INCOME",
        },
      ],
      "commodityMnemonic": "GBP",
      "fullPath": "Income",
      "guid": "0000000d0000000d0000000d0000000d",
      "hidden": false,
      "name": "Income",
      "parentGuid": "00000006000000060000000600000006",
      "placeholder": true,
      "type": "INCOME",
    },
    {
      "balance": 640,
      "children": [
        {
          "balance": 425,
          "children": [
            {
              "balance": 380,
              "children": [],
              "commodityMnemonic": "GBP",
              "fullPath": "Expenses:Food:Groceries",
              "guid": "00000012000000120000001200000012",
              "hidden": false,
              "name": "Groceries",
              "parentGuid": "00000011000000110000001100000011",
              "placeholder": false,
              "type": "EXPENSE",
            },
            {
              "balance": 45,
              "children": [],
              "commodityMnemonic": "GBP",
              "fullPath": "Expenses:Food:Restaurants",
              "guid": "00000013000000130000001300000013",
              "hidden": false,
              "name": "Restaurants",
              "parentGuid": "00000011000000110000001100000011",
              "placeholder": false,
              "type": "EXPENSE",
            },
          ],
          "commodityMnemonic": "GBP",
          "fullPath": "Expenses:Food",
          "guid": "00000011000000110000001100000011",
          "hidden": false,
          "name": "Food",
          "parentGuid": "00000010000000100000001000000010",
          "placeholder": true,
          "type": "EXPENSE",
        },
        {
          "balance": 215,
          "children": [
            {
              "balance": 175,
              "children": [],
              "commodityMnemonic": "GBP",
              "fullPath": "Expenses:Utilities:Electric",
              "guid": "00000015000000150000001500000015",
              "hidden": false,
              "name": "Electric",
              "parentGuid": "00000014000000140000001400000014",
              "placeholder": false,
              "type": "EXPENSE",
            },
            {
              "balance": 40,
              "children": [],
              "commodityMnemonic": "GBP",
              "fullPath": "Expenses:Utilities:Water",
              "guid": "00000016000000160000001600000016",
              "hidden": false,
              "name": "Water",
              "parentGuid": "00000014000000140000001400000014",
              "placeholder": false,
              "type": "EXPENSE",
            },
          ],
          "commodityMnemonic": "GBP",
          "fullPath": "Expenses:Utilities",
          "guid": "00000014000000140000001400000014",
          "hidden": false,
          "name": "Utilities",
          "parentGuid": "00000010000000100000001000000010",
          "placeholder": true,
          "type": "EXPENSE",
        },
      ],
      "commodityMnemonic": "GBP",
      "fullPath": "Expenses",
      "guid": "00000010000000100000001000000010",
      "hidden": false,
      "name": "Expenses",
      "parentGuid": "00000006000000060000000600000006",
      "placeholder": true,
      "type": "EXPENSE",
    },
    {
      "balance": -15000,
      "children": [
        {
          "balance": -15000,
          "children": [],
          "commodityMnemonic": "GBP",
          "fullPath": "Equity:Opening Balances",
          "guid": "00000018000000180000001800000018",
          "hidden": false,
          "name": "Opening Balances",
          "parentGuid": "00000017000000170000001700000017",
          "placeholder": false,
          "type": "EQUITY",
        },
      ],
      "commodityMnemonic": "GBP",
      "fullPath": "Equity",
      "guid": "00000017000000170000001700000017",
      "hidden": false,
      "name": "Equity",
      "parentGuid": "00000006000000060000000600000006",
      "placeholder": true,
      "type": "EQUITY",
    },
    {
      "balance": 0,
      "children": [],
      "commodityMnemonic": "GBP",
      "fullPath": "Trading",
      "guid": "0000001c0000001c0000001c0000001c",
      "hidden": false,
      "name": "Trading",
      "parentGuid": "00000006000000060000000600000006",
      "placeholder": true,
      "type": "TRADING",
    },
  ],
  "budgetData": {
    "availableYears": [
      2025,
    ],
    "budgets": [
      {
        "description": "Annual household budget",
        "guid": "00000034000000340000003400000034",
        "name": "2025 Budget",
        "numPeriods": 12,
      },
    ],
    "expenseCategories": [
      {
        "accountGuid": "00000012000000120000001200000012",
        "accountName": "Groceries",
        "actual": 0,
        "budgeted": 750,
        "fullPath": "Food:Groceries",
        "periods": [
          {
            "actual": {
              "2025": 200,
            },
            "budgeted": 250,
            "period": 0,
          },
          {
            "actual": {
              "2025": 180,
            },
            "budgeted": 250,
            "period": 1,
          },
          {
            "actual": {
              "2025": 0,
            },
            "budgeted": 250,
            "period": 2,
          },
          {
            "actual": {
              "2025": 0,
            },
            "budgeted": 0,
            "period": 3,
          },
          {
            "actual": {
              "2025": 0,
            },
            "budgeted": 0,
            "period": 4,
          },
          {
            "actual": {
              "2025": 0,
            },
            "budgeted": 0,
            "period": 5,
          },
          {
            "actual": {
              "2025": 0,
            },
            "budgeted": 0,
            "period": 6,
          },
          {
            "actual": {
              "2025": 0,
            },
            "budgeted": 0,
            "period": 7,
          },
          {
            "actual": {
              "2025": 0,
            },
            "budgeted": 0,
            "period": 8,
          },
          {
            "actual": {
              "2025": 0,
            },
            "budgeted": 0,
            "period": 9,
          },
          {
            "actual": {
              "2025": 0,
            },
            "budgeted": 0,
            "period": 10,
          },
          {
            "actual": {
              "2025": 0,
            },
            "budgeted": 0,
            "period": 11,
          },
        ],
        "variance": 750,
        "variancePct": 100,
      },
      {
        "accountGuid": "00000015000000150000001500000015",
        "accountName": "Electric",
        "actual": 0,
        "budgeted": 300,
        "fullPath": "Utilities:Electric",
        "periods": [
          {
            "actual": {
              "2025": 85,
            },
            "budgeted": 100,
            "period": 0,
          },
          {
            "actual": {
              "2025": 90,
            },
            "budgeted": 100,
            "period": 1,
          },
          {
            "actual": {
              "2025": 0,
            },
            "budgeted": 100,
            "period": 2,
          },
          {
            "actual": {
              "2025": 0,
            },
            "budgeted": 0,
            "period": 3,
          },
          {
            "actual": {
              "2025": 0,
            },
            "budgeted": 0,
            "period": 4,
          },
          {
            "actual": {
              "2025": 0,
            },
            "budgeted": 0,
            "period": 5,
          },
          {
            "actual": {
              "2025": 0,
            },
            "budgeted": 0,
            "period": 6,
          },
          {
            "actual": {
              "2025": 0,
            },
            "budgeted": 0,
            "period": 7,
          },
          {
            "actual": {
              "2025": 0,
            },
            "budgeted": 0,
            "period": 8,
          },
          {
            "actual": {
              "2025": 0,
            },
            "budgeted": 0,
            "period": 9,
          },
          {
            "actual": {
              "2025": 0,
            },
            "budgeted": 0,
            "period": 10,
          },
          {
            "actual": {
              "2025": 0,
            },
            "budgeted": 0,
            "period": 11,
          },
        ],
        "variance": 300,
        "variancePct": 100,
      },
    ],
    "incomeCategories": [
      {
        "accountGuid": "0000000e0000000e0000000e0000000e",
        "accountName": "Salary",
        "actual": 0,
        "budgeted": 9000,
        "fullPath": "Salary",
        "periods": [
          {
            "actual": {
              "2025": 3000,
            },
            "budgeted": 3000,
            "period": 0,
          },
          {
            "actual": {
              "2025": 3000,
            },
            "budgeted": 3000,
            "period": 1,
          },
          {
            "actual": {
              "2025": 3000,
            },
            "budgeted": 3000,
            "period": 2,
          },
          {
            "actual": {
              "2025": 0,
            },
            "budgeted": 0,
            "period": 3,
          },
          {
            "actual": {
              "2025": 0,
            },
            "budgeted": 0,
            "period": 4,
          },
          {
            "actual": {
              "2025": 0,
            },
            "budgeted": 0,
            "period": 5,
          },
          {
            "actual": {
              "2025": 0,
            },
            "budgeted": 0,
            "period": 6,
          },
          {
            "actual": {
              "2025": 0,
            },
            "budgeted": 0,
            "period": 7,
          },
          {
            "actual": {
              "2025": 0,
            },
            "budgeted": 0,
            "period": 8,
          },
          {
            "actual": {
              "2025": 0,
            },
            "budgeted": 0,
            "period": 9,
          },
          {
            "actual": {
              "2025": 0,
            },
            "budgeted": 0,
            "period": 10,
          },
          {
            "actual": {
              "2025": 0,
            },
            "budgeted": 0,
            "period": 11,
          },
        ],
        "variance": 9000,
        "variancePct": 100,
      },
    ],
  },
  "cashFlowSeries": [
    {
      "expenses": 330,
      "income": 3000,
      "month": "2025-01",
      "net": 2670,
    },
    {
      "expenses": 270,
      "income": 3500,
      "month": "2025-02",
      "net": 3230,
    },
    {
      "expenses": 40,
      "income": 3000,
      "month": "2025-03",
      "net": 2960,
    },
  ],
  "currency": "GBP",
  "currentMonthExpenses": 0,
  "currentMonthIncome": 0,
  "currentNetWorth": 24255,
  "expenseBreakdown": [
    {
      "amount": 425,
      "color": "#4A7A6B",
      "fullPath": "Food",
      "name": "Food",
    },
    {
      "amount": 215,
      "color": "#5C8C7C",
      "fullPath": "Utilities",
      "name": "Utilities",
    },
  ],
  "expenseCategoryColors": {
    "Food": "#4A7A6B",
    "Utilities": "#5C8C7C",
  },
  "expenseTransactions": [
    {
      "accountName": "Water",
      "amount": 40,
      "date": "2025-03-10",
      "description": "Thames Water",
      "fullPath": "Utilities:Water",
      "pathParts": [
        "Utilities",
        "Water",
      ],
    },
    {
      "accountName": "Groceries",
      "amount": 180,
      "date": "2025-02-10",
      "description": "Sainsburys Groceries",
      "fullPath": "Food:Groceries",
      "pathParts": [
        "Food",
        "Groceries",
      ],
    },
    {
      "accountName": "Electric",
      "amount": 90,
      "date": "2025-02-05",
      "description": "British Gas Electric",
      "fullPath": "Utilities:Electric",
      "pathParts": [
        "Utilities",
        "Electric",
      ],
    },
    {
      "accountName": "Restaurants",
      "amount": 45,
      "date": "2025-01-20",
      "description": "Pizza Express",
      "fullPath": "Food:Restaurants",
      "pathParts": [
        "Food",
        "Restaurants",
      ],
    },
    {
      "accountName": "Groceries",
      "amount": 200,
      "date": "2025-01-15",
      "description": "Tesco Groceries",
      "fullPath": "Food:Groceries",
      "pathParts": [
        "Food",
        "Groceries",
      ],
    },
    {
      "accountName": "Electric",
      "amount": 85,
      "date": "2025-01-05",
      "description": "British Gas Electric",
      "fullPath": "Utilities:Electric",
      "pathParts": [
        "Utilities",
        "Electric",
      ],
    },
  ],
  "incomeCategoryColors": {
    "Freelance": "#4A7A9A",
    "Salary": "#3B6B8A",
  },
  "incomeTransactions": [
    {
      "accountName": "Salary",
      "amount": 3000,
      "date": "2025-03-28",
      "description": "Salary March",
      "fullPath": "Salary",
      "pathParts": [
        "Salary",
      ],
    },
    {
      "accountName": "Salary",
      "amount": 3000,
      "date": "2025-02-28",
      "description": "Salary February",
      "fullPath": "Salary",
      "pathParts": [
        "Salary",
      ],
    },
    {
      "accountName": "Freelance",
      "amount": 500,
      "date": "2025-02-15",
      "description": "Freelance Project",
      "fullPath": "Freelance",
      "pathParts": [
        "Freelance",
      ],
    },
    {
      "accountName": "Salary",
      "amount": 3000,
      "date": "2025-01-28",
      "description": "Salary January",
      "fullPath": "Salary",
      "pathParts": [
        "Salary",
      ],
    },
  ],
  "investmentValueSeries": [
    {
      "costBasis": 1200,
      "month": "2025-01",
      "ticker": "AAPL",
      "value": 1250,
    },
    {
      "costBasis": 1200,
      "month": "2025-02",
      "ticker": "AAPL",
      "value": 1300,
    },
    {
      "costBasis": 1200,
      "month": "2025-03",
      "ticker": "AAPL",
      "value": 1350,
    },
    {
      "costBasis": 4000,
      "month": "2025-02",
      "ticker": "VWRL",
      "value": 4100,
    },
    {
      "costBasis": 4000,
      "month": "2025-03",
      "ticker": "VWRL",
      "value": 4250,
    },
  ],
  "investments": [
    {
      "accountName": "AAPL",
      "change12m": 0,
      "change12mPct": 0,
      "costBasis": 1200,
      "gainLoss": 150,
      "gainLossPct": 12.5,
      "marketValue": 1350,
      "sharesHeld": 10,
      "ticker": "AAPL",
    },
    {
      "accountName": "VWRL",
      "change12m": 0,
      "change12mPct": 0,
      "costBasis": 4000,
      "gainLoss": 250,
      "gainLossPct": 6.25,
      "marketValue": 4250,
      "sharesHeld": 50,
      "ticker": "VWRL",
    },
  ],
  "ledgerTransactions": [
    {
      "date": "2025-03-28",
      "description": "Salary March",
      "guid": "00000021000000210000002100000021",
      "num": "",
      "splits": [
        {
          "accountFullPath": "Assets:Current Account",
          "accountGuid": "00000008000000080000000800000008",
          "accountName": "Current Account",
          "accountType": "BANK",
          "amount": 3000,
          "commodityMnemonic": "GBP",
          "memo": "",
          "quantity": 3000,
          "reconcileState": "n",
        },
        {
          "accountFullPath": "Income:Salary",
          "accountGuid": "0000000e0000000e0000000e0000000e",
          "accountName": "Salary",
          "accountType": "INCOME",
          "amount": -3000,
          "commodityMnemonic": "GBP",
          "memo": "",
          "quantity": -3000,
          "reconcileState": "n",
        },
      ],
    },
    {
      "date": "2025-03-10",
      "description": "Thames Water",
      "guid": "00000028000000280000002800000028",
      "num": "",
      "splits": [
        {
          "accountFullPath": "Expenses:Utilities:Water",
          "accountGuid": "00000016000000160000001600000016",
          "accountName": "Water",
          "accountType": "EXPENSE",
          "amount": 40,
          "commodityMnemonic": "GBP",
          "memo": "",
          "quantity": 40,
          "reconcileState": "n",
        },
        {
          "accountFullPath": "Assets:Current Account",
          "accountGuid": "00000008000000080000000800000008",
          "accountName": "Current Account",
          "accountType": "BANK",
          "amount": -40,
          "commodityMnemonic": "GBP",
          "memo": "",
          "quantity": -40,
          "reconcileState": "n",
        },
      ],
    },
    {
      "date": "2025-02-28",
      "description": "Salary February",
      "guid": "00000020000000200000002000000020",
      "num": "",
      "splits": [
        {
          "accountFullPath": "Assets:Current Account",
          "accountGuid": "00000008000000080000000800000008",
          "accountName": "Current Account",
          "accountType": "BANK",
          "amount": 3000,
          "commodityMnemonic": "GBP",
          "memo": "",
          "quantity": 3000,
          "reconcileState": "c",
        },
        {
          "accountFullPath": "Income:Salary",
          "accountGuid": "0000000e0000000e0000000e0000000e",
          "accountName": "Salary",
          "accountType": "INCOME",
          "amount": -3000,
          "commodityMnemonic": "GBP",
          "memo": "",
          "quantity": -3000,
          "reconcileState": "c",
        },
      ],
    },
    {
      "date": "2025-02-20",
      "description": "Buy VWRL",
      "guid": "0000002b0000002b0000002b0000002b",
      "num": "",
      "splits": [
        {
          "accountFullPath": "Assets:Investments:VWRL",
          "accountGuid": "0000001b0000001b0000001b0000001b",
          "accountName": "VWRL",
          "accountType": "MUTUAL",
          "amount": 4000,
          "commodityMnemonic": "VWRL",
          "memo": "",
          "quantity": 50,
          "reconcileState": "n",
        },
        {
          "accountFullPath": "Assets:Current Account",
          "accountGuid": "00000008000000080000000800000008",
          "accountName": "Current Account",
          "accountType": "BANK",
          "amount": -4000,
          "commodityMnemonic": "GBP",
          "memo": "",
          "quantity": -4000,
          "reconcileState": "n",
        },
      ],
    },
    {
      "date": "2025-02-15",
      "description": "Freelance Project",
      "guid": "00000022000000220000002200000022",
      "num": "",
      "splits": [
        {
          "accountFullPath": "Assets:Current Account",
          "accountGuid": "00000008000000080000000800000008",
          "accountName": "Current Account",
          "accountType": "BANK",
          "amount": 500,
          "commodityMnemonic": "GBP",
          "memo": "",
          "quantity": 500,
          "reconcileState": "c",
        },
        {
          "accountFullPath": "Income:Freelance",
          "accountGuid": "0000000f0000000f0000000f0000000f",
          "accountName": "Freelance",
          "accountType": "INCOME",
          "amount": -500,
          "commodityMnemonic": "GBP",
          "memo": "",
          "quantity": -500,
          "reconcileState": "c",
        },
      ],
    },
    {
      "date": "2025-02-10",
      "description": "Sainsburys Groceries",
      "guid": "00000024000000240000002400000024",
      "num": "",
      "splits": [
        {
          "accountFullPath": "Expenses:Food:Groceries",
          "accountGuid": "00000012000000120000001200000012",
          "accountName": "Groceries",
          "accountType": "EXPENSE",
          "amount": 180,
          "commodityMnemonic": "GBP",
          "memo": "",
          "quantity": 180,
          "reconcileState": "n",
        },
        {
          "accountFullPath": "Assets:Current Account",
          "accountGuid": "00000008000000080000000800000008",
          "accountName": "Current Account",
          "accountType": "BANK",
          "amount": -180,
          "commodityMnemonic": "GBP",
          "memo": "",
          "quantity": -180,
          "reconcileState": "n",
        },
      ],
    },
    {
      "date": "2025-02-05",
      "description": "British Gas Electric",
      "guid": "00000027000000270000002700000027",
      "num": "",
      "splits": [
        {
          "accountFullPath": "Expenses:Utilities:Electric",
          "accountGuid": "00000015000000150000001500000015",
          "accountName": "Electric",
          "accountType": "EXPENSE",
          "amount": 90,
          "commodityMnemonic": "GBP",
          "memo": "",
          "quantity": 90,
          "reconcileState": "c",
        },
        {
          "accountFullPath": "Assets:Current Account",
          "accountGuid": "00000008000000080000000800000008",
          "accountName": "Current Account",
          "accountType": "BANK",
          "amount": -90,
          "commodityMnemonic": "GBP",
          "memo": "",
          "quantity": -90,
          "reconcileState": "c",
        },
      ],
    },
    {
      "date": "2025-02-01",
      "description": "Credit Card Payment",
      "guid": "00000029000000290000002900000029",
      "num": "",
      "splits": [
        {
          "accountFullPath": "Liabilities:Credit Card",
          "accountGuid": "0000000c0000000c0000000c0000000c",
          "accountName": "Credit Card",
          "accountType": "CREDIT",
          "amount": 45,
          "commodityMnemonic": "GBP",
          "memo": "",
          "quantity": 45,
          "reconcileState": "c",
        },
        {
          "accountFullPath": "Assets:Current Account",
          "accountGuid": "00000008000000080000000800000008",
          "accountName": "Current Account",
          "accountType": "BANK",
          "amount": -45,
          "commodityMnemonic": "GBP",
          "memo": "",
          "quantity": -45,
          "reconcileState": "c",
        },
      ],
    },
    {
      "date": "2025-01-28",
      "description": "Salary January",
      "guid": "0000001f0000001f0000001f0000001f",
      "num": "",
      "splits": [
        {
          "accountFullPath": "Assets:Current Account",
          "accountGuid": "00000008000000080000000800000008",
          "accountName": "Current Account",
          "accountType": "BANK",
          "amount": 3000,
          "commodityMnemonic": "GBP",
          "memo": "",
          "quantity": 3000,
          "reconcileState": "c",
        },
        {
          "accountFullPath": "Income:Salary",
          "accountGuid": "0000000e0000000e0000000e0000000e",
          "accountName": "Salary",
          "accountType": "INCOME",
          "amount": -3000,
          "commodityMnemonic": "GBP",
          "memo": "",
          "quantity": -3000,
          "reconcileState": "c",
        },
      ],
    },
    {
      "date": "2025-01-20",
      "description": "Pizza Express",
      "guid": "00000025000000250000002500000025",
      "num": "",
      "splits": [
        {
          "accountFullPath": "Expenses:Food:Restaurants",
          "accountGuid": "00000013000000130000001300000013",
          "accountName": "Restaurants",
          "accountType": "EXPENSE",
          "amount": 45,
          "commodityMnemonic": "GBP",
          "memo": "",
          "quantity": 45,
          "reconcileState": "n",
        },
        {
          "accountFullPath": "Liabilities:Credit Card",
          "accountGuid": "0000000c0000000c0000000c0000000c",
          "accountName": "Credit Card",
          "accountType": "CREDIT",
          "amount": -45,
          "commodityMnemonic": "GBP",
          "memo": "",
          "quantity": -45,
          "reconcileState": "n",
        },
      ],
    },
    {
      "date": "2025-01-15",
      "description": "Tesco Groceries",
      "guid": "00000023000000230000002300000023",
      "num": "",
      "splits": [
        {
          "accountFullPath": "Expenses:Food:Groceries",
          "accountGuid": "00000012000000120000001200000012",
          "accountName": "Groceries",
          "accountType": "EXPENSE",
          "amount": 200,
          "commodityMnemonic": "GBP",
          "memo": "",
          "quantity": 200,
          "reconcileState": "c",
        },
        {
          "accountFullPath": "Assets:Current Account",
          "accountGuid": "00000008000000080000000800000008",
          "accountName": "Current Account",
          "accountType": "BANK",
          "amount": -200,
          "commodityMnemonic": "GBP",
          "memo": "",
          "quantity": -200,
          "reconcileState": "c",
        },
      ],
    },
    {
      "date": "2025-01-12",
      "description": "USD Transfer",
      "guid": "0000002c0000002c0000002c0000002c",
      "num": "",
      "splits": [
        {
          "accountFullPath": "Assets:USD Account",
          "accountGuid": "0000000a0000000a0000000a0000000a",
          "accountName": "USD Account",
          "accountType": "BANK",
          "amount": 400,
          "commodityMnemonic": "USD",
          "memo": "",
          "quantity": 500,
          "reconcileState": "n",
        },
        {
          "accountFullPath": "Assets:Current Account",
          "accountGuid": "00000008000000080000000800000008",
          "accountName": "Current Account",
          "accountType": "BANK",
          "amount": -400,
          "commodityMnemonic": "GBP",
          "memo": "",
          "quantity": -400,
          "reconcileState": "n",
        },
      ],
    },
    {
      "date": "2025-01-10",
      "description": "Buy AAPL",
      "guid": "0000002a0000002a0000002a0000002a",
      "num": "",
      "splits": [
        {
          "accountFullPath": "Assets:Investments:AAPL",
          "accountGuid": "0000001a0000001a0000001a0000001a",
          "accountName": "AAPL",
          "accountType": "STOCK",
          "amount": 1200,
          "commodityMnemonic": "AAPL",
          "memo": "",
          "quantity": 10,
          "reconcileState": "n",
        },
        {
          "accountFullPath": "Assets:Current Account",
          "accountGuid": "00000008000000080000000800000008",
          "accountName": "Current Account",
          "accountType": "BANK",
          "amount": -1200,
          "commodityMnemonic": "GBP",
          "memo": "",
          "quantity": -1200,
          "reconcileState": "n",
        },
      ],
    },
    {
      "date": "2025-01-05",
      "description": "British Gas Electric",
      "guid": "00000026000000260000002600000026",
      "num": "",
      "splits": [
        {
          "accountFullPath": "Expenses:Utilities:Electric",
          "accountGuid": "00000015000000150000001500000015",
          "accountName": "Electric",
          "accountType": "EXPENSE",
          "amount": 85,
          "commodityMnemonic": "GBP",
          "memo": "",
          "quantity": 85,
          "reconcileState": "c",
        },
        {
          "accountFullPath": "Assets:Current Account",
          "accountGuid": "00000008000000080000000800000008",
          "accountName": "Current Account",
          "accountType": "BANK",
          "amount": -85,
          "commodityMnemonic": "GBP",
          "memo": "",
          "quantity": -85,
          "reconcileState": "c",
        },
      ],
    },
    {
      "date": "2025-01-01",
      "description": "Opening Balance",
      "guid": "0000001d0000001d0000001d0000001d",
      "num": "",
      "splits": [
        {
          "accountFullPath": "Assets:Current Account",
          "accountGuid": "00000008000000080000000800000008",
          "accountName": "Current Account",
          "accountType": "BANK",
          "amount": 5000,
          "commodityMnemonic": "GBP",
          "memo": "",
          "quantity": 5000,
          "reconcileState": "y",
        },
        {
          "accountFullPath": "Equity:Opening Balances",
          "accountGuid": "00000018000000180000001800000018",
          "accountName": "Opening Balances",
          "accountType": "EQUITY",
          "amount": -5000,
          "commodityMnemonic": "GBP",
          "memo": "",
          "quantity": -5000,
          "reconcileState": "y",
        },
      ],
    },
    {
      "date": "2025-01-01",
      "description": "Opening Balance",
      "guid": "0000001e0000001e0000001e0000001e",
      "num": "",
      "splits": [
        {
          "accountFullPath": "Assets:Savings",
          "accountGuid": "00000009000000090000000900000009",
          "accountName": "Savings",
          "accountType": "BANK",
          "amount": 10000,
          "commodityMnemonic": "GBP",
          "memo": "",
          "quantity": 10000,
          "reconcileState": "y",
        },
        {
          "accountFullPath": "Equity:Opening Balances",
          "accountGuid": "00000018000000180000001800000018",
          "accountName": "Opening Balances",
          "accountType": "EQUITY",
          "amount": -10000,
          "commodityMnemonic": "GBP",
          "memo": "",
          "quantity": -10000,
          "reconcileState": "y",
        },
      ],
    },
  ],
  "monthlyExpensesByCategory": [
    {
      "amount": 200,
      "category": "Groceries",
      "fullPath": "Food:Groceries",
      "month": "2025-01",
      "pathParts": [
        "Food",
        "Groceries",
      ],
    },
    {
      "amount": 45,
      "category": "Restaurants",
      "fullPath": "Food:Restaurants",
      "month": "2025-01",
      "pathParts": [
        "Food",
        "Restaurants",
      ],
    },
    {
      "amount": 85,
      "category": "Electric",
      "fullPath": "Utilities:Electric",
      "month": "2025-01",
      "pathParts": [
        "Utilities",
        "Electric",
      ],
    },
    {
      "amount": 180,
      "category": "Groceries",
      "fullPath": "Food:Groceries",
      "month": "2025-02",
      "pathParts": [
        "Food",
        "Groceries",
      ],
    },
    {
      "amount": 90,
      "category": "Electric",
      "fullPath": "Utilities:Electric",
      "month": "2025-02",
      "pathParts": [
        "Utilities",
        "Electric",
      ],
    },
    {
      "amount": 40,
      "category": "Water",
      "fullPath": "Utilities:Water",
      "month": "2025-03",
      "pathParts": [
        "Utilities",
        "Water",
      ],
    },
  ],
  "monthlyIncomeByCategory": [
    {
      "amount": 3000,
      "category": "Salary",
      "fullPath": "Salary",
      "month": "2025-01",
      "pathParts": [
        "Salary",
      ],
    },
    {
      "amount": 3000,
      "category": "Salary",
      "fullPath": "Salary",
      "month": "2025-02",
      "pathParts": [
        "Salary",
      ],
    },
    {
      "amount": 500,
      "category": "Freelance",
      "fullPath": "Freelance",
      "month": "2025-02",
      "pathParts": [
        "Freelance",
      ],
    },
    {
      "amount": 3000,
      "category": "Salary",
      "fullPath": "Salary",
      "month": "2025-03",
      "pathParts": [
        "Salary",
      ],
    },
  ],
  "netWorthSeries": [
    {
      "assets": 17760,
      "liabilities": 45,
      "month": "2025-01",
      "netWorth": 17715,
    },
    {
      "assets": 21095,
      "liabilities": 0,
      "month": "2025-02",
      "netWorth": 21095,
    },
    {
      "assets": 24255,
      "liabilities": 0,
      "month": "2025-03",
      "netWorth": 24255,
    },
  ],
  "recentTransactions": [
    {
      "accountName": "Current Account",
      "amount": 3000,
      "categoryName": "Salary",
      "date": "2025-03-28T00:00:00.000Z",
      "description": "Salary March",
      "reconciled": false,
    },
    {
      "accountName": "Current Account",
      "amount": -40,
      "categoryName": "Water",
      "date": "2025-03-10T00:00:00.000Z",
      "description": "Thames Water",
      "reconciled": false,
    },
    {
      "accountName": "Current Account",
      "amount": 3000,
      "categoryName": "Salary",
      "date": "2025-02-28T00:00:00.000Z",
      "description": "Salary February",
      "reconciled": false,
    },
    {
      "accountName": "Current Account",
      "amount": -4000,
      "categoryName": "VWRL",
      "date": "2025-02-20T00:00:00.000Z",
      "description": "Buy VWRL",
      "reconciled": false,
    },
    {
      "accountName": "Current Account",
      "amount": 500,
      "categoryName": "Freelance",
      "date": "2025-02-15T00:00:00.000Z",
      "description": "Freelance Project",
      "reconciled": false,
    },
    {
      "accountName": "Current Account",
      "amount": -180,
      "categoryName": "Groceries",
      "date": "2025-02-10T00:00:00.000Z",
      "description": "Sainsburys Groceries",
      "reconciled": false,
    },
    {
      "accountName": "Current Account",
      "amount": -90,
      "categoryName": "Electric",
      "date": "2025-02-05T00:00:00.000Z",
      "description": "British Gas Electric",
      "reconciled": false,
    },
    {
      "accountName": "Credit Card",
      "amount": 45,
      "categoryName": "Current Account",
      "date": "2025-02-01T00:00:00.000Z",
      "description": "Credit Card Payment",
      "reconciled": false,
    },
    {
      "accountName": "Current Account",
      "amount": -45,
      "categoryName": "Credit Card",
      "date": "2025-02-01T00:00:00.000Z",
      "description": "Credit Card Payment",
      "reconciled": false,
    },
    {
      "accountName": "Current Account",
      "amount": 3000,
      "categoryName": "Salary",
      "date": "2025-01-28T00:00:00.000Z",
      "description": "Salary January",
      "reconciled": false,
    },
    {
      "accountName": "Credit Card",
      "amount": -45,
      "categoryName": "Restaurants",
      "date": "2025-01-20T00:00:00.000Z",
      "description": "Pizza Express",
      "reconciled": false,
    },
    {
      "accountName": "Current Account",
      "amount": -200,
      "categoryName": "Groceries",
      "date": "2025-01-15T00:00:00.000Z",
      "description": "Tesco Groceries",
      "reconciled": false,
    },
    {
      "accountName": "USD Account",
      "amount": 400,
      "categoryName": "Current Account",
      "date": "2025-01-12T00:00:00.000Z",
      "description": "USD Transfer",
      "reconciled": false,
    },
    {
      "accountName": "Current Account",
      "amount": -400,
      "categoryName": "USD Account",
      "date": "2025-01-12T00:00:00.000Z",
      "description": "USD Transfer",
      "reconciled": false,
    },
    {
      "accountName": "Current Account",
      "amount": -1200,
      "categoryName": "AAPL",
      "date": "2025-01-10T00:00:00.000Z",
      "description": "Buy AAPL",
      "reconciled": false,
    },
    {
      "accountName": "Current Account",
      "amount": -85,
      "categoryName": "Electric",
      "date": "2025-01-05T00:00:00.000Z",
      "description": "British Gas Electric",
      "reconciled": false,
    },
    {
      "accountName": "Current Account",
      "amount": 5000,
      "categoryName": "Opening Balances",
      "date": "2025-01-01T00:00:00.000Z",
      "description": "Opening Balance",
      "reconciled": true,
    },
    {
      "accountName": "Savings",
      "amount": 10000,
      "categoryName": "Opening Balances",
      "date": "2025-01-01T00:00:00.000Z",
      "description": "Opening Balance",
      "reconciled": true,
    },
  ],
  "savingsRate": 0,
  "topBalances": [
    {
      "accountName": "Savings",
      "commodityMnemonic": "GBP",
      "fullPath": "Assets:Savings",
      "type": "BANK",
      "value": 10000,
    },
    {
      "accountName": "Current Account",
      "commodityMnemonic": "GBP",
      "fullPath": "Assets:Current Account",
      "type": "BANK",
      "value": 8260,
    },
    {
      "accountName": "VWRL",
      "commodityMnemonic": "VWRL",
      "fullPath": "Assets:Investments:VWRL",
      "type": "MUTUAL",
      "value": 4250,
    },
    {
      "accountName": "AAPL",
      "commodityMnemonic": "AAPL",
      "fullPath": "Assets:Investments:AAPL",
      "type": "STOCK",
      "value": 1350,
    },
    {
      "accountName": "USD Account",
      "commodityMnemonic": "USD",
      "fullPath": "Assets:USD Account",
      "type": "BANK",
      "value": 395,
    },
  ],
  "upcomingBills": [
    {
      "amount": null,
      "enabled": true,
      "name": "Internet",
      "nextDate": "2025-03-15",
    },
    {
      "amount": null,
      "enabled": true,
      "name": "Rent",
      "nextDate": "2025-03-31",
    },
  ],
}
`;
