// Vitest Snapshot v1, https://vitest.dev/guide/snapshot.html

exports[`buildAccountTree > snapshot 1`] = `
[
  {
    "balance": 24255,
    "children": [
      {
        "balance": 8260,
        "children": [],
        "commodityGuid": "00000001000000010000000100000001",
        "commodityMnemonic": "GBP",
        "fullPath": "Assets:Current Account",
        "guid": "00000008000000080000000800000008",
        "hidden": false,
        "name": "Current Account",
        "parentGuid": "00000007000000070000000700000007",
        "placeholder": false,
        "type": "BANK",
      },
      {
        "balance": 10000,
        "children": [],
        "commodityGuid": "00000001000000010000000100000001",
        "commodityMnemonic": "GBP",
        "fullPath": "Assets:Savings",
        "guid": "00000009000000090000000900000009",
        "hidden": false,
        "name": "Savings",
        "parentGuid": "00000007000000070000000700000007",
        "placeholder": false,
        "type": "BANK",
      },
      {
        "balance": 395,
        "children": [],
        "commodityGuid": "00000002000000020000000200000002",
        "commodityMnemonic": "USD",
        "fullPath": "Assets:USD Account",
        "guid": "0000000a0000000a0000000a0000000a",
        "hidden": false,
        "name": "USD Account",
        "parentGuid": "00000007000000070000000700000007",
        "placeholder": false,
        "type": "BANK",
      },
      {
        "balance": 5600,
        "children": [
          {
            "balance": 1350,
            "children": [],
            "commodityGuid": "00000003000000030000000300000003",
            "commodityMnemonic": "AAPL",
            "fullPath": "Assets:Investments:AAPL",
            "guid": "0000001a0000001a0000001a0000001a",
            "hidden": false,
            "name": "AAPL",
            "parentGuid": "00000019000000190000001900000019",
            "placeholder": false,
            "type": "STOCK",
          },
          {
            "balance": 4250,
            "children": [],
            "commodityGuid": "00000004000000040000000400000004",
            "commodityMnemonic": "VWRL",
            "fullPath": "Assets:Investments:VWRL",
            "guid": "0000001b0000001b0000001b0000001b",
            "hidden": false,
            "name": "VWRL",
            "parentGuid": "00000019000000190000001900000019",
            "placeholder": false,
            "type": "MUTUAL",
          },
        ],
        "commodityGuid": "00000001000000010000000100000001",
        "commodityMnemonic": "GBP",
        "fullPath": "Assets:Investments",
        "guid": "00000019000000190000001900000019",
        "hidden": false,
        "name": "Investments",
        "parentGuid": "00000007000000070000000700000007",
        "placeholder": true,
        "type": "ASSET",
      },
    ],
    "commodityGuid": "00000001000000010000000100000001",
    "commodityMnemonic": "GBP",
    "fullPath": "Assets",
    "guid": "00000007000000070000000700000007",
    "hidden": false,
    "name": "Assets",
    "parentGuid": "00000006000000060000000600000006",
    "placeholder": true,
    "type": "ASSET",
  },
  {
    "balance": 0,
    "children": [
      {
        "balance": 0,
        "children": [],
        "commodityGuid": "00000001000000010000000100000001",
        "commodityMnemonic": "GBP",
        "fullPath": "Liabilities:Credit Card",
        "guid": "0000000c0000000c0000000c0000000c",
        "hidden": false,
        "name": "Credit Card",
        "parentGuid": "0000000b0000000b0000000b0000000b",
        "placeholder": false,
        "type": "CREDIT",
      },
    ],
    "commodityGuid": "00000001000000010000000100000001",
    "commodityMnemonic": "GBP",
    "fullPath": "Liabilities",
    "guid": "0000000b0000000b0000000b0000000b",
    "hidden": false,
    "name": "Liabilities",
    "parentGuid": "00000006000000060000000600000006",
    "placeholder": true,
    "type": "LIABILITY",
  },
  {
    "balance": -9500,
    "children": [
      {
        "balance": -9000,
        "children": [],
        "commodityGuid": "00000001000000010000000100000001",
        "commodityMnemonic": "GBP",
        "fullPath": "Income:Salary",
        "guid": "0000000e0000000e0000000e0000000e",
        "hidden": false,
        "name": "Salary",
        "parentGuid": "0000000d0000000d0000000d0000000d",
        "placeholder": false,
        "type": "INCOME",
      },
      {
        "balance": -500,
        "children": [],
        "commodityGuid": "00000001000000010000000100000001",
        "commodityMnemonic": "GBP",
        "fullPath": "Income:Freelance",
        "guid": "0000000f0000000f0000000f0000000f",
        "hidden": false,
        "name": "Freelance",
        "parentGuid": "0000000d0000000d0000000d0000000d",
        "placeholder": false,
        "type": "INCOME",
      },
    ],
    "commodityGuid": "00000001000000010000000100000001",
    "commodityMnemonic": "GBP",
    "fullPath": "Income",
    "guid": "0000000d0000000d0000000d0000000d",
    "hidden": false,
    "name": "Income",
    "parentGuid": "00000006000000060000000600000006",
    "placeholder": true,
    "type": "INCOME",
  },
  {
    "balance": 640,
    "children": [
      {
        "balance": 425,
        "children": [
          {
            "balance": 380,
            "children": [],
            "commodityGuid": "00000001000000010000000100000001",
            "commodityMnemonic": "GBP",
            "fullPath": "Expenses:Food:Groceries",
            "guid": "00000012000000120000001200000012",
            "hidden": false,
            "name": "Groceries",
            "parentGuid": "00000011000000110000001100000011",
            "placeholder": false,
            "type": "EXPENSE",
          },
          {
            "balance": 45,
            "children": [],
            "commodityGuid": "00000001000000010000000100000001",
            "commodityMnemonic": "GBP",
            "fullPath": "Expenses:Food:Restaurants",
            "guid": "00000013000000130000001300000013",
            "hidden": false,
            "name": "Restaurants",
            "parentGuid": "00000011000000110000001100000011",
            "placeholder": false,
            "type": "EXPENSE",
          },
        ],
        "commodityGuid": "00000001000000010000000100000001",
        "commodityMnemonic": "GBP",
        "fullPath": "Expenses:Food",
        "guid": "00000011000000110000001100000011",
        "hidden": false,
        "name": "Food",
        "parentGuid": "00000010000000100000001000000010",
        "placeholder": true,
        "type": "EXPENSE",
      },
      {
        "balance": 215,
        "children": [
          {
            "balance": 175,
            "children": [],
            "commodityGuid": "00000001000000010000000100000001",
            "commodityMnemonic": "GBP",
            "fullPath": "Expenses:Utilities:Electric",
            "guid": "00000015000000150000001500000015",
            "hidden": false,
            "name": "Electric",
            "parentGuid": "00000014000000140000001400000014",
            "placeholder": false,
            "type": "EXPENSE",
          },
          {
            "balance": 40,
            "children": [],
            "commodityGuid": "00000001000000010000000100000001",
            "commodityMnemonic": "GBP",
            "fullPath": "Expenses:Utilities:Water",
            "guid": "00000016000000160000001600000016",
            "hidden": false,
            "name": "Water",
            "parentGuid": "00000014000000140000001400000014",
            "placeholder": false,
            "type": "EXPENSE",
          },
        ],
        "commodityGuid": "00000001000000010000000100000001",
        "commodityMnemonic": "GBP",
        "fullPath": "Expenses:Utilities",
        "guid": "00000014000000140000001400000014",
        "hidden": false,
        "name": "Utilities",
        "parentGuid": "00000010000000100000001000000010",
        "placeholder": true,
        "type": "EXPENSE",
      },
    ],
    "commodityGuid": "00000001000000010000000100000001",
    "commodityMnemonic": "GBP",
    "fullPath": "Expenses",
    "guid": "00000010000000100000001000000010",
    "hidden": false,
    "name": "Expenses",
    "parentGuid": "00000006000000060000000600000006",
    "placeholder": true,
    "type": "EXPENSE",
  },
  {
    "balance": -15000,
    "children": [
      {
        "balance": -15000,
        "children": [],
        "commodityGuid": "00000001000000010000000100000001",
        "commodityMnemonic": "GBP",
        "fullPath": "Equity:Opening Balances",
        "guid": "00000018000000180000001800000018",
        "hidden": false,
        "name": "Opening Balances",
        "parentGuid": "00000017000000170000001700000017",
        "placeholder": false,
        "type": "EQUITY",
      },
    ],
    "commodityGuid": "00000001000000010000000100000001",
    "commodityMnemonic": "GBP",
    "fullPath": "Equity",
    "guid": "00000017000000170000001700000017",
    "hidden": false,
    "name": "Equity",
    "parentGuid": "00000006000000060000000600000006",
    "placeholder": true,
    "type": "EQUITY",
  },
  {
    "balance": 0,
    "children": [],
    "commodityGuid": "00000001000000010000000100000001",
    "commodityMnemonic": "GBP",
    "fullPath": "Trading",
    "guid": "0000001c0000001c0000001c0000001c",
    "hidden": false,
    "name": "Trading",
    "parentGuid": "00000006000000060000000600000006",
    "placeholder": true,
    "type": "TRADING",
  },
]
`;
