// Vitest Snapshot v1, https://vitest.dev/guide/snapshot.html

exports[`getUpcomingBills > snapshot 1`] = `
[
  {
    "amount": null,
    "enabled": true,
    "name": "Internet",
    "nextDate": "20250315000000",
  },
  {
    "amount": null,
    "enabled": true,
    "name": "Rent",
    "nextDate": "20250401000000",
  },
]
`;
