// Vitest Snapshot v1, https://vitest.dev/guide/snapshot.html

exports[`getLedgerTransactions > snapshot 1`] = `
[
  {
    "date": "2025-03-28",
    "description": "Salary March",
    "guid": "00000021000000210000002100000021",
    "num": "",
    "splits": [
      {
        "accountFullPath": "Assets:Current Account",
        "accountGuid": "00000008000000080000000800000008",
        "accountName": "Current Account",
        "accountType": "BANK",
        "amount": 3000,
        "commodityMnemonic": "GBP",
        "memo": "",
        "quantity": 3000,
        "reconcileState": "n",
      },
      {
        "accountFullPath": "Income:Salary",
        "accountGuid": "0000000e0000000e0000000e0000000e",
        "accountName": "Salary",
        "accountType": "INCOME",
        "amount": -3000,
        "commodityMnemonic": "GBP",
        "memo": "",
        "quantity": -3000,
        "reconcileState": "n",
      },
    ],
  },
  {
    "date": "2025-03-10",
    "description": "Thames Water",
    "guid": "00000028000000280000002800000028",
    "num": "",
    "splits": [
      {
        "accountFullPath": "Expenses:Utilities:Water",
        "accountGuid": "00000016000000160000001600000016",
        "accountName": "Water",
        "accountType": "EXPENSE",
        "amount": 40,
        "commodityMnemonic": "GBP",
        "memo": "",
        "quantity": 40,
        "reconcileState": "n",
      },
      {
        "accountFullPath": "Assets:Current Account",
        "accountGuid": "00000008000000080000000800000008",
        "accountName": "Current Account",
        "accountType": "BANK",
        "amount": -40,
        "commodityMnemonic": "GBP",
        "memo": "",
        "quantity": -40,
        "reconcileState": "n",
      },
    ],
  },
  {
    "date": "2025-02-28",
    "description": "Salary February",
    "guid": "00000020000000200000002000000020",
    "num": "",
    "splits": [
      {
        "accountFullPath": "Assets:Current Account",
        "accountGuid": "00000008000000080000000800000008",
        "accountName": "Current Account",
        "accountType": "BANK",
        "amount": 3000,
        "commodityMnemonic": "GBP",
        "memo": "",
        "quantity": 3000,
        "reconcileState": "c",
      },
      {
        "accountFullPath": "Income:Salary",
        "accountGuid": "0000000e0000000e0000000e0000000e",
        "accountName": "Salary",
        "accountType": "INCOME",
        "amount": -3000,
        "commodityMnemonic": "GBP",
        "memo": "",
        "quantity": -3000,
        "reconcileState": "c",
      },
    ],
  },
  {
    "date": "2025-02-20",
    "description": "Buy VWRL",
    "guid": "0000002b0000002b0000002b0000002b",
    "num": "",
    "splits": [
      {
        "accountFullPath": "Assets:Investments:VWRL",
        "accountGuid": "0000001b0000001b0000001b0000001b",
        "accountName": "VWRL",
        "accountType": "MUTUAL",
        "amount": 4000,
        "commodityMnemonic": "VWRL",
        "memo": "",
        "quantity": 50,
        "reconcileState": "n",
      },
      {
        "accountFullPath": "Assets:Current Account",
        "accountGuid": "00000008000000080000000800000008",
        "accountName": "Current Account",
        "accountType": "BANK",
        "amount": -4000,
        "commodityMnemonic": "GBP",
        "memo": "",
        "quantity": -4000,
        "reconcileState": "n",
      },
    ],
  },
  {
    "date": "2025-02-15",
    "description": "Freelance Project",
    "guid": "00000022000000220000002200000022",
    "num": "",
    "splits": [
      {
        "accountFullPath": "Assets:Current Account",
        "accountGuid": "00000008000000080000000800000008",
        "accountName": "Current Account",
        "accountType": "BANK",
        "amount": 500,
        "commodityMnemonic": "GBP",
        "memo": "",
        "quantity": 500,
        "reconcileState": "c",
      },
      {
        "accountFullPath": "Income:Freelance",
        "accountGuid": "0000000f0000000f0000000f0000000f",
        "accountName": "Freelance",
        "accountType": "INCOME",
        "amount": -500,
        "commodityMnemonic": "GBP",
        "memo": "",
        "quantity": -500,
        "reconcileState": "c",
      },
    ],
  },
  {
    "date": "2025-02-10",
    "description": "Sainsburys Groceries",
    "guid": "00000024000000240000002400000024",
    "num": "",
    "splits": [
      {
        "accountFullPath": "Expenses:Food:Groceries",
        "accountGuid": "00000012000000120000001200000012",
        "accountName": "Groceries",
        "accountType": "EXPENSE",
        "amount": 180,
        "commodityMnemonic": "GBP",
        "memo": "",
        "quantity": 180,
        "reconcileState": "n",
      },
      {
        "accountFullPath": "Assets:Current Account",
        "accountGuid": "00000008000000080000000800000008",
        "accountName": "Current Account",
        "accountType": "BANK",
        "amount": -180,
        "commodityMnemonic": "GBP",
        "memo": "",
        "quantity": -180,
        "reconcileState": "n",
      },
    ],
  },
  {
    "date": "2025-02-05",
    "description": "British Gas Electric",
    "guid": "00000027000000270000002700000027",
    "num": "",
    "splits": [
      {
        "accountFullPath": "Expenses:Utilities:Electric",
        "accountGuid": "00000015000000150000001500000015",
        "accountName": "Electric",
        "accountType": "EXPENSE",
        "amount": 90,
        "commodityMnemonic": "GBP",
        "memo": "",
        "quantity": 90,
        "reconcileState": "c",
      },
      {
        "accountFullPath": "Assets:Current Account",
        "accountGuid": "00000008000000080000000800000008",
        "accountName": "Current Account",
        "accountType": "BANK",
        "amount": -90,
        "commodityMnemonic": "GBP",
        "memo": "",
        "quantity": -90,
        "reconcileState": "c",
      },
    ],
  },
  {
    "date": "2025-02-01",
    "description": "Credit Card Payment",
    "guid": "00000029000000290000002900000029",
    "num": "",
    "splits": [
      {
        "accountFullPath": "Liabilities:Credit Card",
        "accountGuid": "0000000c0000000c0000000c0000000c",
        "accountName": "Credit Card",
        "accountType": "CREDIT",
        "amount": 45,
        "commodityMnemonic": "GBP",
        "memo": "",
        "quantity": 45,
        "reconcileState": "c",
      },
      {
        "accountFullPath": "Assets:Current Account",
        "accountGuid": "00000008000000080000000800000008",
        "accountName": "Current Account",
        "accountType": "BANK",
        "amount": -45,
        "commodityMnemonic": "GBP",
        "memo": "",
        "quantity": -45,
        "reconcileState": "c",
      },
    ],
  },
  {
    "date": "2025-01-28",
    "description": "Salary January",
    "guid": "0000001f0000001f0000001f0000001f",
    "num": "",
    "splits": [
      {
        "accountFullPath": "Assets:Current Account",
        "accountGuid": "00000008000000080000000800000008",
        "accountName": "Current Account",
        "accountType": "BANK",
        "amount": 3000,
        "commodityMnemonic": "GBP",
        "memo": "",
        "quantity": 3000,
        "reconcileState": "c",
      },
      {
        "accountFullPath": "Income:Salary",
        "accountGuid": "0000000e0000000e0000000e0000000e",
        "accountName": "Salary",
        "accountType": "INCOME",
        "amount": -3000,
        "commodityMnemonic": "GBP",
        "memo": "",
        "quantity": -3000,
        "reconcileState": "c",
      },
    ],
  },
  {
    "date": "2025-01-20",
    "description": "Pizza Express",
    "guid": "00000025000000250000002500000025",
    "num": "",
    "splits": [
      {
        "accountFullPath": "Expenses:Food:Restaurants",
        "accountGuid": "00000013000000130000001300000013",
        "accountName": "Restaurants",
        "accountType": "EXPENSE",
        "amount": 45,
        "commodityMnemonic": "GBP",
        "memo": "",
        "quantity": 45,
        "reconcileState": "n",
      },
      {
        "accountFullPath": "Liabilities:Credit Card",
        "accountGuid": "0000000c0000000c0000000c0000000c",
        "accountName": "Credit Card",
        "accountType": "CREDIT",
        "amount": -45,
        "commodityMnemonic": "GBP",
        "memo": "",
        "quantity": -45,
        "reconcileState": "n",
      },
    ],
  },
  {
    "date": "2025-01-15",
    "description": "Tesco Groceries",
    "guid": "00000023000000230000002300000023",
    "num": "",
    "splits": [
      {
        "accountFullPath": "Expenses:Food:Groceries",
        "accountGuid": "00000012000000120000001200000012",
        "accountName": "Groceries",
        "accountType": "EXPENSE",
        "amount": 200,
        "commodityMnemonic": "GBP",
        "memo": "",
        "quantity": 200,
        "reconcileState": "c",
      },
      {
        "accountFullPath": "Assets:Current Account",
        "accountGuid": "00000008000000080000000800000008",
        "accountName": "Current Account",
        "accountType": "BANK",
        "amount": -200,
        "commodityMnemonic": "GBP",
        "memo": "",
        "quantity": -200,
        "reconcileState": "c",
      },
    ],
  },
  {
    "date": "2025-01-12",
    "description": "USD Transfer",
    "guid": "0000002c0000002c0000002c0000002c",
    "num": "",
    "splits": [
      {
        "accountFullPath": "Assets:USD Account",
        "accountGuid": "0000000a0000000a0000000a0000000a",
        "accountName": "USD Account",
        "accountType": "BANK",
        "amount": 400,
        "commodityMnemonic": "USD",
        "memo": "",
        "quantity": 500,
        "reconcileState": "n",
      },
      {
        "accountFullPath": "Assets:Current Account",
        "accountGuid": "00000008000000080000000800000008",
        "accountName": "Current Account",
        "accountType": "BANK",
        "amount": -400,
        "commodityMnemonic": "GBP",
        "memo": "",
        "quantity": -400,
        "reconcileState": "n",
      },
    ],
  },
  {
    "date": "2025-01-10",
    "description": "Buy AAPL",
    "guid": "0000002a0000002a0000002a0000002a",
    "num": "",
    "splits": [
      {
        "accountFullPath": "Assets:Investments:AAPL",
        "accountGuid": "0000001a0000001a0000001a0000001a",
        "accountName": "AAPL",
        "accountType": "STOCK",
        "amount": 1200,
        "commodityMnemonic": "AAPL",
        "memo": "",
        "quantity": 10,
        "reconcileState": "n",
      },
      {
        "accountFullPath": "Assets:Current Account",
        "accountGuid": "00000008000000080000000800000008",
        "accountName": "Current Account",
        "accountType": "BANK",
        "amount": -1200,
        "commodityMnemonic": "GBP",
        "memo": "",
        "quantity": -1200,
        "reconcileState": "n",
      },
    ],
  },
  {
    "date": "2025-01-05",
    "description": "British Gas Electric",
    "guid": "00000026000000260000002600000026",
    "num": "",
    "splits": [
      {
        "accountFullPath": "Expenses:Utilities:Electric",
        "accountGuid": "00000015000000150000001500000015",
        "accountName": "Electric",
        "accountType": "EXPENSE",
        "amount": 85,
        "commodityMnemonic": "GBP",
        "memo": "",
        "quantity": 85,
        "reconcileState": "c",
      },
      {
        "accountFullPath": "Assets:Current Account",
        "accountGuid": "00000008000000080000000800000008",
        "accountName": "Current Account",
        "accountType": "BANK",
        "amount": -85,
        "commodityMnemonic": "GBP",
        "memo": "",
        "quantity": -85,
        "reconcileState": "c",
      },
    ],
  },
  {
    "date": "2025-01-01",
    "description": "Opening Balance",
    "guid": "0000001d0000001d0000001d0000001d",
    "num": "",
    "splits": [
      {
        "accountFullPath": "Assets:Current Account",
        "accountGuid": "00000008000000080000000800000008",
        "accountName": "Current Account",
        "accountType": "BANK",
        "amount": 5000,
        "commodityMnemonic": "GBP",
        "memo": "",
        "quantity": 5000,
        "reconcileState": "y",
      },
      {
        "accountFullPath": "Equity:Opening Balances",
        "accountGuid": "00000018000000180000001800000018",
        "accountName": "Opening Balances",
        "accountType": "EQUITY",
        "amount": -5000,
        "commodityMnemonic": "GBP",
        "memo": "",
        "quantity": -5000,
        "reconcileState": "y",
      },
    ],
  },
  {
    "date": "2025-01-01",
    "description": "Opening Balance",
    "guid": "0000001e0000001e0000001e0000001e",
    "num": "",
    "splits": [
      {
        "accountFullPath": "Assets:Savings",
        "accountGuid": "00000009000000090000000900000009",
        "accountName": "Savings",
        "accountType": "BANK",
        "amount": 10000,
        "commodityMnemonic": "GBP",
        "memo": "",
        "quantity": 10000,
        "reconcileState": "y",
      },
      {
        "accountFullPath": "Equity:Opening Balances",
        "accountGuid": "00000018000000180000001800000018",
        "accountName": "Opening Balances",
        "accountType": "EQUITY",
        "amount": -10000,
        "commodityMnemonic": "GBP",
        "memo": "",
        "quantity": -10000,
        "reconcileState": "y",
      },
    ],
  },
]
`;

exports[`getRecentTransactions > snapshot 1`] = `
[
  {
    "accountName": "Current Account",
    "amount": 3000,
    "categoryName": "Salary",
    "date": "2025-03-28T00:00:00.000Z",
    "description": "Salary March",
    "reconciled": false,
  },
  {
    "accountName": "Current Account",
    "amount": -40,
    "categoryName": "Water",
    "date": "2025-03-10T00:00:00.000Z",
    "description": "Thames Water",
    "reconciled": false,
  },
  {
    "accountName": "Current Account",
    "amount": 3000,
    "categoryName": "Salary",
    "date": "2025-02-28T00:00:00.000Z",
    "description": "Salary February",
    "reconciled": false,
  },
  {
    "accountName": "Current Account",
    "amount": -4000,
    "categoryName": "VWRL",
    "date": "2025-02-20T00:00:00.000Z",
    "description": "Buy VWRL",
    "reconciled": false,
  },
  {
    "accountName": "Current Account",
    "amount": 500,
    "categoryName": "Freelance",
    "date": "2025-02-15T00:00:00.000Z",
    "description": "Freelance Project",
    "reconciled": false,
  },
  {
    "accountName": "Current Account",
    "amount": -180,
    "categoryName": "Groceries",
    "date": "2025-02-10T00:00:00.000Z",
    "description": "Sainsburys Groceries",
    "reconciled": false,
  },
  {
    "accountName": "Current Account",
    "amount": -90,
    "categoryName": "Electric",
    "date": "2025-02-05T00:00:00.000Z",
    "description": "British Gas Electric",
    "reconciled": false,
  },
  {
    "accountName": "Credit Card",
    "amount": 45,
    "categoryName": "Current Account",
    "date": "2025-02-01T00:00:00.000Z",
    "description": "Credit Card Payment",
    "reconciled": false,
  },
  {
    "accountName": "Current Account",
    "amount": -45,
    "categoryName": "Credit Card",
    "date": "2025-02-01T00:00:00.000Z",
    "description": "Credit Card Payment",
    "reconciled": false,
  },
  {
    "accountName": "Current Account",
    "amount": 3000,
    "categoryName": "Salary",
    "date": "2025-01-28T00:00:00.000Z",
    "description": "Salary January",
    "reconciled": false,
  },
  {
    "accountName": "Credit Card",
    "amount": -45,
    "categoryName": "Restaurants",
    "date": "2025-01-20T00:00:00.000Z",
    "description": "Pizza Express",
    "reconciled": false,
  },
  {
    "accountName": "Current Account",
    "amount": -200,
    "categoryName": "Groceries",
    "date": "2025-01-15T00:00:00.000Z",
    "description": "Tesco Groceries",
    "reconciled": false,
  },
  {
    "accountName": "USD Account",
    "amount": 400,
    "categoryName": "Current Account",
    "date": "2025-01-12T00:00:00.000Z",
    "description": "USD Transfer",
    "reconciled": false,
  },
  {
    "accountName": "Current Account",
    "amount": -400,
    "categoryName": "USD Account",
    "date": "2025-01-12T00:00:00.000Z",
    "description": "USD Transfer",
    "reconciled": false,
  },
  {
    "accountName": "Current Account",
    "amount": -1200,
    "categoryName": "AAPL",
    "date": "2025-01-10T00:00:00.000Z",
    "description": "Buy AAPL",
    "reconciled": false,
  },
  {
    "accountName": "Current Account",
    "amount": -85,
    "categoryName": "Electric",
    "date": "2025-01-05T00:00:00.000Z",
    "description": "British Gas Electric",
    "reconciled": false,
  },
  {
    "accountName": "Current Account",
    "amount": 5000,
    "categoryName": "Opening Balances",
    "date": "2025-01-01T00:00:00.000Z",
    "description": "Opening Balance",
    "reconciled": true,
  },
  {
    "accountName": "Savings",
    "amount": 10000,
    "categoryName": "Opening Balances",
    "date": "2025-01-01T00:00:00.000Z",
    "description": "Opening Balance",
    "reconciled": true,
  },
]
`;
